  Loaded v4 feature matrix: 1,540 rows, 69 features
================================================================================
STAGE 2 v10 (feature_set=v12_n10)
  Input:  output/pairwise_v4.csv
  Output: output/pairwise_v12_n10_v10cap.csv
  Features (15): ['p_stage1', 'seed_a', 'seed_b', 'abs_seed_diff', 'expected_round', 'diff_massey_composite', 'diff_massey_MOR', 'diff_adj_em', 'diff_massey_POM', 'diff_kp_WAB', 'diff_massey_DOL', 'diff_massey_WOL', 'diff_win_pct_30d', 'diff_late_adj_em', 'diff_season_win_pct']
================================================================================
  Per-game training rows: 2,898 (across 22 seasons)

Season    N    LL_s1   LL_s12      dLL   Acc_s1  Acc_s12    dAcc
---------------------------------------------------------------------------
  2003   64    0.578    0.572   -0.006   70.3%   64.1%   -6.2pp  s12 better
  2004   64    0.543    0.558   +0.015   68.8%   70.3%   +1.6pp  s1 better
  2005   64    0.521    0.532   +0.011   73.4%   71.9%   -1.6pp  s1 better
  2006   64    0.578    0.572   -0.006   71.9%   68.8%   -3.1pp  s12 better
  2007   64    0.481    0.470   -0.011   73.4%   73.4%   +0.0pp  s12 better
  2008   64    0.479    0.470   -0.008   76.6%   78.1%   +1.6pp  s12 better
  2009   64    0.509    0.519   +0.010   73.4%   75.0%   +1.6pp  s1 better
  2010   64    0.556    0.576   +0.020   70.3%   70.3%   +0.0pp  s1 better
  2011   67    0.668    0.708   +0.040   59.7%   61.2%   +1.5pp  s1 better
  2012   67    0.537    0.542   +0.005   71.6%   71.6%   +0.0pp  s1 better
  2013   67    0.614    0.633   +0.019   64.2%   64.2%   +0.0pp  s1 better
  2014   67    0.578    0.610   +0.032   67.2%   68.7%   +1.5pp  s1 better
  2015   67    0.478    0.552   +0.074   74.6%   73.1%   -1.5pp  s1 better
  2016   67    0.583    0.565   -0.018   71.6%   74.6%   +3.0pp  s12 better
  2017   67    0.547    0.533   -0.013   71.6%   70.1%   -1.5pp  s12 better
  2018   67    0.583    0.605   +0.022   70.1%   68.7%   -1.5pp  s1 better
  2019   67    0.509    0.494   -0.015   74.6%   73.1%   -1.5pp  s12 better
  2021   66    0.582    0.632   +0.050   68.2%   68.2%   +0.0pp  s1 better
  2022   67    0.643    0.631   -0.012   64.2%   64.2%   +0.0pp  s12 better
  2023   67    0.624    0.652   +0.028   62.7%   64.2%   +1.5pp  s1 better
  2024   67    0.607    0.570   -0.036   68.7%   68.7%   +0.0pp  s12 better
  2025   67    0.469    0.467   -0.001   77.6%   79.1%   +1.5pp
---------------------------------------------------------------------------
  WT MEAN          0.558    0.567   +0.009   70.2%   70.0%   -0.1pp

Writing stage-2-adjusted pairwise to output/pairwise_v12_n10_v10cap.csv (seeds=(42, 142, 242, 342, 442, 542, 642, 742, 842, 942, 1042, 1142, 1242, 1342, 1442, 1542, 1642, 1742, 1842, 1942, 2042, 2142, 2242, 2342, 2442, 2542, 2642, 2742, 2842, 2942), hparams=v10cap) ...
  [build_pairwise] season=2003 ...
  [build_pairwise] season=2004 ...
  [build_pairwise] season=2005 ...
  [build_pairwise] season=2006 ...
  [build_pairwise] season=2007 ...
  [build_pairwise] season=2008 ...
  [build_pairwise] season=2009 ...
  [build_pairwise] season=2010 ...
  [build_pairwise] season=2011 ...
  [build_pairwise] season=2012 ...
  [build_pairwise] season=2013 ...
  [build_pairwise] season=2014 ...
  [build_pairwise] season=2015 ...
  [build_pairwise] season=2016 ...
  [build_pairwise] season=2017 ...
  [build_pairwise] season=2018 ...
  [build_pairwise] season=2019 ...
  [build_pairwise] season=2021 ...
  [build_pairwise] season=2022 ...
  [build_pairwise] season=2023 ...
  [build_pairwise] season=2024 ...
  [build_pairwise] season=2025 ...
  Done.
