  Loaded v4 feature matrix: 1,540 rows, 69 features
================================================================================
STAGE 2 v10 (feature_set=v12_n5)
  Input:  output/pairwise_v4.csv
  Output: output/pairwise_v12_n5_v10cap.csv
  Features (10): ['p_stage1', 'seed_a', 'seed_b', 'abs_seed_diff', 'expected_round', 'diff_massey_composite', 'diff_massey_MOR', 'diff_adj_em', 'diff_massey_POM', 'diff_kp_WAB']
================================================================================
  Per-game training rows: 2,898 (across 22 seasons)

Season    N    LL_s1   LL_s12      dLL   Acc_s1  Acc_s12    dAcc
---------------------------------------------------------------------------
  2003   64    0.578    0.558   -0.020   70.3%   60.9%   -9.4pp  s12 better
  2004   64    0.543    0.551   +0.008   68.8%   73.4%   +4.7pp  s1 better
  2005   64    0.521    0.537   +0.017   73.4%   65.6%   -7.8pp  s1 better
  2006   64    0.578    0.577   -0.001   71.9%   67.2%   -4.7pp
  2007   64    0.481    0.459   -0.021   73.4%   75.0%   +1.6pp  s12 better
  2008   64    0.479    0.489   +0.010   76.6%   73.4%   -3.1pp  s1 better
  2009   64    0.509    0.509   -0.000   73.4%   68.8%   -4.7pp
  2010   64    0.556    0.556   -0.000   70.3%   71.9%   +1.6pp
  2011   67    0.668    0.684   +0.016   59.7%   58.2%   -1.5pp  s1 better
  2012   67    0.537    0.559   +0.022   71.6%   73.1%   +1.5pp  s1 better
  2013   67    0.614    0.649   +0.035   64.2%   62.7%   -1.5pp  s1 better
  2014   67    0.578    0.609   +0.031   67.2%   65.7%   -1.5pp  s1 better
  2015   67    0.478    0.547   +0.069   74.6%   77.6%   +3.0pp  s1 better
  2016   67    0.583    0.539   -0.044   71.6%   76.1%   +4.5pp  s12 better
  2017   67    0.547    0.557   +0.010   71.6%   70.1%   -1.5pp  s1 better
  2018   67    0.583    0.601   +0.019   70.1%   70.1%   +0.0pp  s1 better
  2019   67    0.509    0.499   -0.010   74.6%   70.1%   -4.5pp  s12 better
  2021   66    0.582    0.610   +0.028   68.2%   71.2%   +3.0pp  s1 better
  2022   67    0.643    0.654   +0.011   64.2%   64.2%   +0.0pp  s1 better
  2023   67    0.624    0.668   +0.044   62.7%   65.7%   +3.0pp  s1 better
  2024   67    0.607    0.597   -0.010   68.7%   68.7%   +0.0pp  s12 better
  2025   67    0.469    0.463   -0.006   77.6%   82.1%   +4.5pp  s12 better
---------------------------------------------------------------------------
  WT MEAN          0.558    0.567   +0.010   70.2%   69.6%   -0.6pp

Writing stage-2-adjusted pairwise to output/pairwise_v12_n5_v10cap.csv (seeds=(42, 142, 242, 342, 442, 542, 642, 742, 842, 942, 1042, 1142, 1242, 1342, 1442, 1542, 1642, 1742, 1842, 1942, 2042, 2142, 2242, 2342, 2442, 2542, 2642, 2742, 2842, 2942), hparams=v10cap) ...
  [build_pairwise] season=2003 ...
  [build_pairwise] season=2004 ...
  [build_pairwise] season=2005 ...
  [build_pairwise] season=2006 ...
  [build_pairwise] season=2007 ...
  [build_pairwise] season=2008 ...
  [build_pairwise] season=2009 ...
  [build_pairwise] season=2010 ...
  [build_pairwise] season=2011 ...
  [build_pairwise] season=2012 ...
  [build_pairwise] season=2013 ...
  [build_pairwise] season=2014 ...
  [build_pairwise] season=2015 ...
  [build_pairwise] season=2016 ...
  [build_pairwise] season=2017 ...
  [build_pairwise] season=2018 ...
  [build_pairwise] season=2019 ...
  [build_pairwise] season=2021 ...
  [build_pairwise] season=2022 ...
  [build_pairwise] season=2023 ...
  [build_pairwise] season=2024 ...
  [build_pairwise] season=2025 ...
  Done.
