  Loaded v4 feature matrix: 1,540 rows, 69 features
================================================================================
STAGE 2 v10 (feature_set=v12_n15)
  Input:  output/pairwise_v4.csv
  Output: output/pairwise_v12_n15_v10cap.csv
  Features (20): ['p_stage1', 'seed_a', 'seed_b', 'abs_seed_diff', 'expected_round', 'diff_massey_composite', 'diff_massey_MOR', 'diff_adj_em', 'diff_massey_POM', 'diff_kp_WAB', 'diff_massey_DOL', 'diff_massey_WOL', 'diff_win_pct_30d', 'diff_late_adj_em', 'diff_season_win_pct', 'diff_massey_RPI', 'diff_win_pct_last10', 'diff_vegas_late_spread_delta', 'diff_vegas_game_count', 'diff_conf_strength']
================================================================================
  Per-game training rows: 2,898 (across 22 seasons)

Season    N    LL_s1   LL_s12      dLL   Acc_s1  Acc_s12    dAcc
---------------------------------------------------------------------------
  2003   64    0.578    0.556   -0.022   70.3%   67.2%   -3.1pp  s12 better
  2004   64    0.543    0.556   +0.013   68.8%   65.6%   -3.1pp  s1 better
  2005   64    0.521    0.534   +0.013   73.4%   73.4%   +0.0pp  s1 better
  2006   64    0.578    0.582   +0.004   71.9%   67.2%   -4.7pp
  2007   64    0.481    0.486   +0.005   73.4%   76.6%   +3.1pp  s1 better
  2008   64    0.479    0.500   +0.021   76.6%   71.9%   -4.7pp  s1 better
  2009   64    0.509    0.493   -0.016   73.4%   73.4%   +0.0pp  s12 better
  2010   64    0.556    0.574   +0.018   70.3%   65.6%   -4.7pp  s1 better
  2011   67    0.668    0.674   +0.006   59.7%   62.7%   +3.0pp  s1 better
  2012   67    0.537    0.544   +0.008   71.6%   71.6%   +0.0pp  s1 better
  2013   67    0.614    0.623   +0.009   64.2%   64.2%   +0.0pp  s1 better
  2014   67    0.578    0.586   +0.009   67.2%   67.2%   +0.0pp  s1 better
  2015   67    0.478    0.521   +0.043   74.6%   74.6%   +0.0pp  s1 better
  2016   67    0.583    0.630   +0.047   71.6%   68.7%   -3.0pp  s1 better
  2017   67    0.547    0.537   -0.010   71.6%   71.6%   +0.0pp  s12 better
  2018   67    0.583    0.601   +0.019   70.1%   71.6%   +1.5pp  s1 better
  2019   67    0.509    0.498   -0.011   74.6%   77.6%   +3.0pp  s12 better
  2021   66    0.582    0.637   +0.055   68.2%   68.2%   +0.0pp  s1 better
  2022   67    0.643    0.638   -0.006   64.2%   61.2%   -3.0pp  s12 better
  2023   67    0.624    0.681   +0.057   62.7%   62.7%   +0.0pp  s1 better
  2024   67    0.607    0.595   -0.012   68.7%   64.2%   -4.5pp  s12 better
  2025   67    0.469    0.448   -0.021   77.6%   79.1%   +1.5pp  s12 better
---------------------------------------------------------------------------
  WT MEAN          0.558    0.568   +0.011   70.2%   69.4%   -0.8pp

Writing stage-2-adjusted pairwise to output/pairwise_v12_n15_v10cap.csv (seeds=(42, 142, 242, 342, 442, 542, 642, 742, 842, 942, 1042, 1142, 1242, 1342, 1442, 1542, 1642, 1742, 1842, 1942, 2042, 2142, 2242, 2342, 2442, 2542, 2642, 2742, 2842, 2942), hparams=v10cap) ...
  [build_pairwise] season=2003 ...
  [build_pairwise] season=2004 ...
  [build_pairwise] season=2005 ...
  [build_pairwise] season=2006 ...
  [build_pairwise] season=2007 ...
  [build_pairwise] season=2008 ...
  [build_pairwise] season=2009 ...
  [build_pairwise] season=2010 ...
  [build_pairwise] season=2011 ...
  [build_pairwise] season=2012 ...
  [build_pairwise] season=2013 ...
  [build_pairwise] season=2014 ...
  [build_pairwise] season=2015 ...
  [build_pairwise] season=2016 ...
  [build_pairwise] season=2017 ...
  [build_pairwise] season=2018 ...
  [build_pairwise] season=2019 ...
  [build_pairwise] season=2021 ...
  [build_pairwise] season=2022 ...
  [build_pairwise] season=2023 ...
  [build_pairwise] season=2024 ...
  [build_pairwise] season=2025 ...
  Done.
