================================================================================
STAGE 2 RETRAIN against output/pairwise_v4_with_team_history.csv
================================================================================
  Per-game training rows: 2,898 (across 22 seasons)

Season    N    LL_s1   LL_s12      dLL   Acc_s1  Acc_s12    dAcc
---------------------------------------------------------------------------
  2003   64    0.578    0.541   -0.038   68.8%   67.2%   -1.6pp  s12 better
  2004   64    0.555    0.547   -0.008   65.6%   68.8%   +3.1pp  s12 better
  2005   64    0.533    0.535   +0.002   73.4%   73.4%   +0.0pp
  2006   64    0.588    0.572   -0.017   71.9%   71.9%   +0.0pp  s12 better
  2007   64    0.488    0.464   -0.023   73.4%   71.9%   -1.6pp  s12 better
  2008   64    0.474    0.474   -0.000   79.7%   79.7%   +0.0pp
  2009   64    0.508    0.479   -0.029   75.0%   73.4%   -1.6pp  s12 better
  2010   64    0.571    0.560   -0.011   71.9%   68.8%   -3.1pp  s12 better
  2011   67    0.657    0.644   -0.013   64.2%   65.7%   +1.5pp  s12 better
  2012   67    0.559    0.571   +0.013   68.7%   70.1%   +1.5pp  s1 better
  2013   67    0.588    0.599   +0.011   70.1%   70.1%   +0.0pp  s1 better
  2014   67    0.586    0.581   -0.005   68.7%   68.7%   +0.0pp
  2015   67    0.487    0.528   +0.041   76.1%   77.6%   +1.5pp  s1 better
  2016   67    0.583    0.594   +0.011   70.1%   68.7%   -1.5pp  s1 better
  2017   67    0.544    0.515   -0.030   68.7%   71.6%   +3.0pp  s12 better
  2018   67    0.598    0.589   -0.009   70.1%   70.1%   +0.0pp  s12 better
  2019   67    0.511    0.483   -0.028   79.1%   70.1%   -9.0pp  s12 better
  2021   66    0.598    0.610   +0.011   68.2%   71.2%   +3.0pp  s1 better
  2022   67    0.650    0.628   -0.022   64.2%   67.2%   +3.0pp  s12 better
  2023   67    0.627    0.658   +0.031   68.7%   67.2%   -1.5pp  s1 better
  2024   67    0.589    0.570   -0.019   65.7%   64.2%   -1.5pp  s12 better
  2025   67    0.469    0.471   +0.002   79.1%   80.6%   +1.5pp
---------------------------------------------------------------------------
  WT MEAN          0.561    0.556   -0.006   70.9%   70.8%   -0.1pp

Writing stage-2-adjusted pairwise to output/pairwise_v8_with_team_history.csv ...
  Done.
